0 info it worked if it ends with ok
1 verbose cli [ '/usr/local/bin/node',
1 verbose cli   '/usr/local/bin/npm',
1 verbose cli   'install',
1 verbose cli   '--save',
1 verbose cli   'hebrew-date' ]
2 info using npm@3.10.10
3 info using node@v6.14.4
4 silly loadCurrentTree Starting
5 silly install loadCurrentTree
6 silly install readLocalPackageData
7 silly fetchPackageMetaData hebrew-date
8 silly fetchNamedPackageData hebrew-date
9 silly mapToRegistry name hebrew-date
10 silly mapToRegistry using default registry
11 silly mapToRegistry registry https://registry.npmjs.org/
12 silly mapToRegistry data Result {
12 silly mapToRegistry   raw: 'hebrew-date',
12 silly mapToRegistry   scope: null,
12 silly mapToRegistry   escapedName: 'hebrew-date',
12 silly mapToRegistry   name: 'hebrew-date',
12 silly mapToRegistry   rawSpec: '',
12 silly mapToRegistry   spec: 'latest',
12 silly mapToRegistry   type: 'tag' }
13 silly mapToRegistry uri https://registry.npmjs.org/hebrew-date
14 verbose request uri https://registry.npmjs.org/hebrew-date
15 verbose request no auth needed
16 info attempt registry request try #1 at 5:13:00 PM
17 verbose request id de793e67047a7f55
18 verbose etag W/"ef03ae401d8c8c700f596997b813f50e"
19 verbose lastModified Thu, 13 Feb 2025 20:03:11 GMT
20 http request GET https://registry.npmjs.org/hebrew-date
21 http 200 https://registry.npmjs.org/hebrew-date
22 verbose headers { date: 'Mon, 28 Apr 2025 21:13:00 GMT',
22 verbose headers   'content-type': 'application/json',
22 verbose headers   'transfer-encoding': 'chunked',
22 verbose headers   connection: 'keep-alive',
22 verbose headers   'cf-ray': '93798fa3bdecf284-IAD',
22 verbose headers   'cf-cache-status': 'HIT',
22 verbose headers   'access-control-allow-origin': '*',
22 verbose headers   age: '24',
22 verbose headers   'cache-control': 'public, max-age=300',
22 verbose headers   etag: 'W/"ef03ae401d8c8c700f596997b813f50e"',
22 verbose headers   'last-modified': 'Thu, 13 Feb 2025 20:03:11 GMT',
22 verbose headers   vary: 'accept-encoding, accept',
22 verbose headers   'set-cookie': [ '_cfuvid=CxuJoSPukkq1K_kl4ISk6YBsi5wLdFt.4hGY80tAZN0-1745874780779-0.0.1.1-604800000; path=/; domain=.npmjs.org; HttpOnly; Secure; SameSite=None' ],
22 verbose headers   server: 'cloudflare',
22 verbose headers   'content-encoding': 'gzip' }
23 silly get cb [ 200,
23 silly get   { date: 'Mon, 28 Apr 2025 21:13:00 GMT',
23 silly get     'content-type': 'application/json',
23 silly get     'transfer-encoding': 'chunked',
23 silly get     connection: 'keep-alive',
23 silly get     'cf-ray': '93798fa3bdecf284-IAD',
23 silly get     'cf-cache-status': 'HIT',
23 silly get     'access-control-allow-origin': '*',
23 silly get     age: '24',
23 silly get     'cache-control': 'public, max-age=300',
23 silly get     etag: 'W/"ef03ae401d8c8c700f596997b813f50e"',
23 silly get     'last-modified': 'Thu, 13 Feb 2025 20:03:11 GMT',
23 silly get     vary: 'accept-encoding, accept',
23 silly get     'set-cookie': [ '_cfuvid=CxuJoSPukkq1K_kl4ISk6YBsi5wLdFt.4hGY80tAZN0-1745874780779-0.0.1.1-604800000; path=/; domain=.npmjs.org; HttpOnly; Secure; SameSite=None' ],
23 silly get     server: 'cloudflare',
23 silly get     'content-encoding': 'gzip' } ]
24 verbose get saving hebrew-date to /home/mashpia/.npm/registry.npmjs.org/hebrew-date/.cache.json
25 verbose correctMkdir /home/mashpia/.npm correctMkdir not in flight; initializing
26 silly install normalizeTree
27 silly loadCurrentTree Finishing
28 silly loadIdealTree Starting
29 silly install loadIdealTree
30 silly cloneCurrentTree Starting
31 silly install cloneCurrentTreeToIdealTree
32 silly cloneCurrentTree Finishing
33 silly loadShrinkwrap Starting
34 silly install loadShrinkwrap
35 silly loadShrinkwrap Finishing
36 silly loadAllDepsIntoIdealTree Starting
37 silly install loadAllDepsIntoIdealTree
38 silly resolveWithNewModule hebrew-date@1.0.7 checking installable status
39 silly cache add args [ 'hebrew-date', null ]
40 verbose cache add spec hebrew-date
41 silly cache add parsed spec Result {
41 silly cache add   raw: 'hebrew-date',
41 silly cache add   scope: null,
41 silly cache add   escapedName: 'hebrew-date',
41 silly cache add   name: 'hebrew-date',
41 silly cache add   rawSpec: '',
41 silly cache add   spec: 'latest',
41 silly cache add   type: 'tag' }
42 silly addNamed hebrew-date@latest
43 verbose addNamed "latest" is being treated as a dist-tag for hebrew-date
44 info addNameTag [ 'hebrew-date', 'latest' ]
45 silly mapToRegistry name hebrew-date
46 silly mapToRegistry using default registry
47 silly mapToRegistry registry https://registry.npmjs.org/
48 silly mapToRegistry data Result {
48 silly mapToRegistry   raw: 'hebrew-date',
48 silly mapToRegistry   scope: null,
48 silly mapToRegistry   escapedName: 'hebrew-date',
48 silly mapToRegistry   name: 'hebrew-date',
48 silly mapToRegistry   rawSpec: '',
48 silly mapToRegistry   spec: 'latest',
48 silly mapToRegistry   type: 'tag' }
49 silly mapToRegistry uri https://registry.npmjs.org/hebrew-date
50 verbose addNameTag registry:https://registry.npmjs.org/hebrew-date not in flight; fetching
51 verbose get https://registry.npmjs.org/hebrew-date not expired, no request
52 silly addNameTag next cb for hebrew-date with tag latest
53 silly addNamed hebrew-date@1.0.7
54 verbose addNamed "1.0.7" is a plain semver version for hebrew-date
55 silly cache afterAdd hebrew-date@1.0.7
56 verbose afterAdd /home/mashpia/.npm/hebrew-date/1.0.7/package/package.json not in flight; writing
57 verbose correctMkdir /home/mashpia/.npm correctMkdir not in flight; initializing
58 verbose afterAdd /home/mashpia/.npm/hebrew-date/1.0.7/package/package.json written
59 silly loadAllDepsIntoIdealTree Finishing
60 silly loadIdealTree Finishing
61 silly currentTree tzivos-hashem
61 silly currentTree +-- @babel/runtime@7.12.5
61 silly currentTree +-- @emotion/is-prop-valid@0.7.3
61 silly currentTree +-- @emotion/memoize@0.7.1
61 silly currentTree +-- abab@1.0.4
61 silly currentTree +-- acorn-globals@1.0.9
61 silly currentTree +-- acorn@2.7.0
61 silly currentTree +-- ajv@6.10.2
61 silly currentTree +-- array-equal@1.0.0
61 silly currentTree +-- asn1@0.2.4
61 silly currentTree +-- assert-plus@1.0.0
61 silly currentTree +-- asynckit@0.4.0
61 silly currentTree +-- aws-sign2@0.7.0
61 silly currentTree +-- aws4@1.8.0
61 silly currentTree +-- balanced-match@1.0.0
61 silly currentTree +-- base64-arraybuffer@0.2.0
61 silly currentTree +-- bcrypt-pbkdf@1.0.2
61 silly currentTree +-- brace-expansion@1.1.11
61 silly currentTree +-- canvg@1.5.3
61 silly currentTree | `-- stackblur-canvas@1.4.1
61 silly currentTree +-- caseless@0.12.0
61 silly currentTree +-- cli@1.0.1
61 silly currentTree +-- combined-stream@1.0.8
61 silly currentTree +-- concat-map@0.0.1
61 silly currentTree +-- console-browserify@1.1.0
61 silly currentTree +-- core-util-is@1.0.2
61 silly currentTree +-- css-jss@10.5.0
61 silly currentTree +-- css-line-break@1.1.1
61 silly currentTree +-- css-vendor@2.0.8
61 silly currentTree +-- cssom@0.3.8
61 silly currentTree +-- cssstyle@0.2.37
61 silly currentTree +-- csstype@3.0.6
61 silly currentTree +-- dashdash@1.14.1
61 silly currentTree +-- date-now@0.1.4
61 silly currentTree +-- deep-is@0.1.3
61 silly currentTree +-- delayed-stream@1.0.0
61 silly currentTree +-- dom-serializer@0.2.2
61 silly currentTree | +-- domelementtype@2.0.1
61 silly currentTree | `-- entities@2.0.3
61 silly currentTree +-- domelementtype@1.3.1
61 silly currentTree +-- domhandler@2.3.0
61 silly currentTree +-- domutils@1.5.1
61 silly currentTree +-- ecc-jsbn@0.1.2
61 silly currentTree +-- entities@1.0.0
61 silly currentTree +-- escodegen@1.12.0
61 silly currentTree +-- esprima@3.1.3
61 silly currentTree +-- estraverse@4.3.0
61 silly currentTree +-- esutils@2.0.3
61 silly currentTree +-- exit@0.1.2
61 silly currentTree +-- extend@3.0.2
61 silly currentTree +-- extsprintf@1.3.0
61 silly currentTree +-- fast-deep-equal@2.0.1
61 silly currentTree +-- fast-json-stable-stringify@2.0.0
61 silly currentTree +-- fast-levenshtein@2.0.6
61 silly currentTree +-- file-saver@1.3.8
61 silly currentTree +-- forever-agent@0.6.1
61 silly currentTree +-- form-data@2.3.3
61 silly currentTree +-- fs.realpath@1.0.0
61 silly currentTree +-- getpass@0.1.7
61 silly currentTree +-- glob@7.1.6
61 silly currentTree +-- har-schema@2.0.0
61 silly currentTree +-- har-validator@5.1.3
61 silly currentTree +-- hoist-non-react-statics@3.3.2
61 silly currentTree +-- html2canvas@1.0.0-rc.3
61 silly currentTree +-- htmlparser2@3.8.3
61 silly currentTree +-- http-signature@1.2.0
61 silly currentTree +-- hyphenate-style-name@1.0.4
61 silly currentTree +-- iconv-lite@0.4.24
61 silly currentTree +-- indefinite-observable@2.0.1
61 silly currentTree +-- inflight@1.0.6
61 silly currentTree +-- inherits@2.0.4
61 silly currentTree +-- is-in-browser@1.1.3
61 silly currentTree +-- is-typedarray@1.0.0
61 silly currentTree +-- isarray@0.0.1
61 silly currentTree +-- isstream@0.1.2
61 silly currentTree +-- js-tokens@4.0.0
61 silly currentTree +-- jsbn@0.1.1
61 silly currentTree +-- jsdom@8.5.0
61 silly currentTree +-- jshint@2.12.0
61 silly currentTree +-- json-schema-traverse@0.4.1
61 silly currentTree +-- json-schema@0.2.3
61 silly currentTree +-- json-stringify-safe@5.0.1
61 silly currentTree +-- jspdf@1.5.3
61 silly currentTree | +-- base64-arraybuffer@0.1.5
61 silly currentTree | +-- css-line-break@1.0.1
61 silly currentTree | `-- html2canvas@1.0.0-alpha.12
61 silly currentTree +-- jsprim@1.4.1
61 silly currentTree +-- jss-plugin-camel-case@10.5.0
61 silly currentTree +-- jss-plugin-compose@10.5.0
61 silly currentTree +-- jss-plugin-default-unit@10.5.0
61 silly currentTree +-- jss-plugin-expand@10.5.0
61 silly currentTree +-- jss-plugin-extend@10.5.0
61 silly currentTree +-- jss-plugin-global@10.5.0
61 silly currentTree +-- jss-plugin-nested@10.5.0
61 silly currentTree +-- jss-plugin-props-sort@10.5.0
61 silly currentTree +-- jss-plugin-rule-value-function@10.5.0
61 silly currentTree +-- jss-plugin-rule-value-observable@10.5.0
61 silly currentTree +-- jss-plugin-template@10.5.0
61 silly currentTree +-- jss-plugin-vendor-prefixer@10.5.0
61 silly currentTree +-- jss-preset-default@10.5.0
61 silly currentTree +-- jss@10.5.0
61 silly currentTree +-- levn@0.3.0
61 silly currentTree +-- lodash@4.17.20
61 silly currentTree +-- loose-envify@1.4.0
61 silly currentTree +-- mime-db@1.40.0
61 silly currentTree +-- mime-types@2.1.24
61 silly currentTree +-- minimatch@3.0.4
61 silly currentTree +-- nwmatcher@1.4.4
61 silly currentTree +-- oauth-sign@0.9.0
61 silly currentTree +-- object-assign@4.1.1
61 silly currentTree +-- omggif@1.0.7
61 silly currentTree +-- once@1.4.0
61 silly currentTree +-- optionator@0.8.2
61 silly currentTree +-- parse5@1.5.1
61 silly currentTree +-- path-is-absolute@1.0.1
61 silly currentTree +-- performance-now@2.1.0
61 silly currentTree +-- prelude-ls@1.1.2
61 silly currentTree +-- promise-polyfill@8.1.0
61 silly currentTree +-- prop-types@15.7.2
61 silly currentTree +-- psl@1.4.0
61 silly currentTree +-- punycode@2.1.1
61 silly currentTree +-- qs@6.5.2
61 silly currentTree +-- react-display-name@0.2.5
61 silly currentTree +-- react-is@16.13.1
61 silly currentTree +-- react-jss@10.5.0
61 silly currentTree +-- readable-stream@1.1.14
61 silly currentTree +-- regenerator-runtime@0.13.7
61 silly currentTree +-- request@2.88.0
61 silly currentTree | +-- punycode@1.4.1
61 silly currentTree | `-- tough-cookie@2.4.3
61 silly currentTree +-- rgbcolor@1.0.1
61 silly currentTree +-- safe-buffer@5.2.0
61 silly currentTree +-- safer-buffer@2.1.2
61 silly currentTree +-- sax@1.2.4
61 silly currentTree +-- shallow-equal@1.2.1
61 silly currentTree +-- shelljs@0.3.0
61 silly currentTree +-- source-map@0.6.1
61 silly currentTree +-- sshpk@1.16.1
61 silly currentTree +-- stackblur-canvas@2.2.0
61 silly currentTree +-- string_decoder@0.10.31
61 silly currentTree +-- strip-json-comments@1.0.4
61 silly currentTree +-- symbol-observable@1.2.0
61 silly currentTree +-- symbol-tree@3.2.4
61 silly currentTree +-- theming@3.3.0
61 silly currentTree +-- tiny-warning@1.0.3
61 silly currentTree +-- tough-cookie@2.5.0
61 silly currentTree +-- tr46@0.0.3
61 silly currentTree +-- tunnel-agent@0.6.0
61 silly currentTree +-- tweetnacl@0.14.5
61 silly currentTree +-- type-check@0.3.2
61 silly currentTree +-- uri-js@4.2.2
61 silly currentTree +-- uuid@3.3.3
61 silly currentTree +-- verror@1.10.0
61 silly currentTree +-- webidl-conversions@3.0.1
61 silly currentTree +-- whatwg-url@2.0.1
61 silly currentTree +-- wordwrap@1.0.0
61 silly currentTree +-- wrappy@1.0.2
61 silly currentTree +-- xml-name-validator@2.0.1
61 silly currentTree `-- xmldom@0.1.27
62 silly idealTree tzivos-hashem
62 silly idealTree +-- @babel/runtime@7.12.5
62 silly idealTree +-- @emotion/is-prop-valid@0.7.3
62 silly idealTree +-- @emotion/memoize@0.7.1
62 silly idealTree +-- abab@1.0.4
62 silly idealTree +-- acorn-globals@1.0.9
62 silly idealTree +-- acorn@2.7.0
62 silly idealTree +-- ajv@6.10.2
62 silly idealTree +-- array-equal@1.0.0
62 silly idealTree +-- asn1@0.2.4
62 silly idealTree +-- assert-plus@1.0.0
62 silly idealTree +-- asynckit@0.4.0
62 silly idealTree +-- aws-sign2@0.7.0
62 silly idealTree +-- aws4@1.8.0
62 silly idealTree +-- balanced-match@1.0.0
62 silly idealTree +-- base64-arraybuffer@0.2.0
62 silly idealTree +-- bcrypt-pbkdf@1.0.2
62 silly idealTree +-- brace-expansion@1.1.11
62 silly idealTree +-- canvg@1.5.3
62 silly idealTree | `-- stackblur-canvas@1.4.1
62 silly idealTree +-- caseless@0.12.0
62 silly idealTree +-- cli@1.0.1
62 silly idealTree +-- combined-stream@1.0.8
62 silly idealTree +-- concat-map@0.0.1
62 silly idealTree +-- console-browserify@1.1.0
62 silly idealTree +-- core-util-is@1.0.2
62 silly idealTree +-- css-jss@10.5.0
62 silly idealTree +-- css-line-break@1.1.1
62 silly idealTree +-- css-vendor@2.0.8
62 silly idealTree +-- cssom@0.3.8
62 silly idealTree +-- cssstyle@0.2.37
62 silly idealTree +-- csstype@3.0.6
62 silly idealTree +-- dashdash@1.14.1
62 silly idealTree +-- date-now@0.1.4
62 silly idealTree +-- deep-is@0.1.3
62 silly idealTree +-- delayed-stream@1.0.0
62 silly idealTree +-- dom-serializer@0.2.2
62 silly idealTree | +-- domelementtype@2.0.1
62 silly idealTree | `-- entities@2.0.3
62 silly idealTree +-- domelementtype@1.3.1
62 silly idealTree +-- domhandler@2.3.0
62 silly idealTree +-- domutils@1.5.1
62 silly idealTree +-- ecc-jsbn@0.1.2
62 silly idealTree +-- entities@1.0.0
62 silly idealTree +-- escodegen@1.12.0
62 silly idealTree +-- esprima@3.1.3
62 silly idealTree +-- estraverse@4.3.0
62 silly idealTree +-- esutils@2.0.3
62 silly idealTree +-- exit@0.1.2
62 silly idealTree +-- extend@3.0.2
62 silly idealTree +-- extsprintf@1.3.0
62 silly idealTree +-- fast-deep-equal@2.0.1
62 silly idealTree +-- fast-json-stable-stringify@2.0.0
62 silly idealTree +-- fast-levenshtein@2.0.6
62 silly idealTree +-- file-saver@1.3.8
62 silly idealTree +-- forever-agent@0.6.1
62 silly idealTree +-- form-data@2.3.3
62 silly idealTree +-- fs.realpath@1.0.0
62 silly idealTree +-- getpass@0.1.7
62 silly idealTree +-- glob@7.1.6
62 silly idealTree +-- har-schema@2.0.0
62 silly idealTree +-- har-validator@5.1.3
62 silly idealTree +-- hebrew-date@1.0.7
62 silly idealTree +-- hoist-non-react-statics@3.3.2
62 silly idealTree +-- html2canvas@1.0.0-rc.3
62 silly idealTree +-- htmlparser2@3.8.3
62 silly idealTree +-- http-signature@1.2.0
62 silly idealTree +-- hyphenate-style-name@1.0.4
62 silly idealTree +-- iconv-lite@0.4.24
62 silly idealTree +-- indefinite-observable@2.0.1
62 silly idealTree +-- inflight@1.0.6
62 silly idealTree +-- inherits@2.0.4
62 silly idealTree +-- is-in-browser@1.1.3
62 silly idealTree +-- is-typedarray@1.0.0
62 silly idealTree +-- isarray@0.0.1
62 silly idealTree +-- isstream@0.1.2
62 silly idealTree +-- js-tokens@4.0.0
62 silly idealTree +-- jsbn@0.1.1
62 silly idealTree +-- jsdom@8.5.0
62 silly idealTree +-- jshint@2.12.0
62 silly idealTree +-- json-schema-traverse@0.4.1
62 silly idealTree +-- json-schema@0.2.3
62 silly idealTree +-- json-stringify-safe@5.0.1
62 silly idealTree +-- jspdf@1.5.3
62 silly idealTree | +-- base64-arraybuffer@0.1.5
62 silly idealTree | +-- css-line-break@1.0.1
62 silly idealTree | `-- html2canvas@1.0.0-alpha.12
62 silly idealTree +-- jsprim@1.4.1
62 silly idealTree +-- jss-plugin-camel-case@10.5.0
62 silly idealTree +-- jss-plugin-compose@10.5.0
62 silly idealTree +-- jss-plugin-default-unit@10.5.0
62 silly idealTree +-- jss-plugin-expand@10.5.0
62 silly idealTree +-- jss-plugin-extend@10.5.0
62 silly idealTree +-- jss-plugin-global@10.5.0
62 silly idealTree +-- jss-plugin-nested@10.5.0
62 silly idealTree +-- jss-plugin-props-sort@10.5.0
62 silly idealTree +-- jss-plugin-rule-value-function@10.5.0
62 silly idealTree +-- jss-plugin-rule-value-observable@10.5.0
62 silly idealTree +-- jss-plugin-template@10.5.0
62 silly idealTree +-- jss-plugin-vendor-prefixer@10.5.0
62 silly idealTree +-- jss-preset-default@10.5.0
62 silly idealTree +-- jss@10.5.0
62 silly idealTree +-- levn@0.3.0
62 silly idealTree +-- lodash@4.17.20
62 silly idealTree +-- loose-envify@1.4.0
62 silly idealTree +-- mime-db@1.40.0
62 silly idealTree +-- mime-types@2.1.24
62 silly idealTree +-- minimatch@3.0.4
62 silly idealTree +-- nwmatcher@1.4.4
62 silly idealTree +-- oauth-sign@0.9.0
62 silly idealTree +-- object-assign@4.1.1
62 silly idealTree +-- omggif@1.0.7
62 silly idealTree +-- once@1.4.0
62 silly idealTree +-- optionator@0.8.2
62 silly idealTree +-- parse5@1.5.1
62 silly idealTree +-- path-is-absolute@1.0.1
62 silly idealTree +-- performance-now@2.1.0
62 silly idealTree +-- prelude-ls@1.1.2
62 silly idealTree +-- promise-polyfill@8.1.0
62 silly idealTree +-- prop-types@15.7.2
62 silly idealTree +-- psl@1.4.0
62 silly idealTree +-- punycode@2.1.1
62 silly idealTree +-- qs@6.5.2
62 silly idealTree +-- react-display-name@0.2.5
62 silly idealTree +-- react-is@16.13.1
62 silly idealTree +-- react-jss@10.5.0
62 silly idealTree +-- readable-stream@1.1.14
62 silly idealTree +-- regenerator-runtime@0.13.7
62 silly idealTree +-- request@2.88.0
62 silly idealTree | +-- punycode@1.4.1
62 silly idealTree | `-- tough-cookie@2.4.3
62 silly idealTree +-- rgbcolor@1.0.1
62 silly idealTree +-- safe-buffer@5.2.0
62 silly idealTree +-- safer-buffer@2.1.2
62 silly idealTree +-- sax@1.2.4
62 silly idealTree +-- shallow-equal@1.2.1
62 silly idealTree +-- shelljs@0.3.0
62 silly idealTree +-- source-map@0.6.1
62 silly idealTree +-- sshpk@1.16.1
62 silly idealTree +-- stackblur-canvas@2.2.0
62 silly idealTree +-- string_decoder@0.10.31
62 silly idealTree +-- strip-json-comments@1.0.4
62 silly idealTree +-- symbol-observable@1.2.0
62 silly idealTree +-- symbol-tree@3.2.4
62 silly idealTree +-- theming@3.3.0
62 silly idealTree +-- tiny-warning@1.0.3
62 silly idealTree +-- tough-cookie@2.5.0
62 silly idealTree +-- tr46@0.0.3
62 silly idealTree +-- tunnel-agent@0.6.0
62 silly idealTree +-- tweetnacl@0.14.5
62 silly idealTree +-- type-check@0.3.2
62 silly idealTree +-- uri-js@4.2.2
62 silly idealTree +-- uuid@3.3.3
62 silly idealTree +-- verror@1.10.0
62 silly idealTree +-- webidl-conversions@3.0.1
62 silly idealTree +-- whatwg-url@2.0.1
62 silly idealTree +-- wordwrap@1.0.0
62 silly idealTree +-- wrappy@1.0.2
62 silly idealTree +-- xml-name-validator@2.0.1
62 silly idealTree `-- xmldom@0.1.27
63 silly generateActionsToTake Starting
64 silly install generateActionsToTake
65 warn checkPermissions Missing write access to /home/mashpia/tzivos-hashem/node_modules
66 silly rollbackFailedOptional Starting
67 silly rollbackFailedOptional Finishing
68 silly runTopLevelLifecycles Finishing
69 silly install printInstalled
70 warn react-jss@10.5.0 requires a peer of react@>=15 but none was installed.
71 verbose If you need help, you may report this error at:
71 verbose     <https://github.com/npm/npm/issues>
72 warn theming@3.3.0 requires a peer of react@>=16.3 but none was installed.
73 verbose If you need help, you may report this error at:
73 verbose     <https://github.com/npm/npm/issues>
74 warn tzivos-hashem No description
75 verbose If you need help, you may report this error at:
75 verbose     <https://github.com/npm/npm/issues>
76 warn tzivos-hashem No repository field.
77 verbose If you need help, you may report this error at:
77 verbose     <https://github.com/npm/npm/issues>
78 warn tzivos-hashem No license field.
79 verbose If you need help, you may report this error at:
79 verbose     <https://github.com/npm/npm/issues>
80 verbose stack Error: EACCES: permission denied, access '/home/mashpia/tzivos-hashem/node_modules'
80 verbose stack     at Error (native)
81 verbose cwd /home/mashpia/tzivos-hashem
82 error Linux 3.10.0-1160.95.1.el7.x86_64
83 error argv "/usr/local/bin/node" "/usr/local/bin/npm" "install" "--save" "hebrew-date"
84 error node v6.14.4
85 error npm  v3.10.10
86 error path /home/mashpia/tzivos-hashem/node_modules
87 error code EACCES
88 error errno -13
89 error syscall access
90 error Error: EACCES: permission denied, access '/home/mashpia/tzivos-hashem/node_modules'
90 error     at Error (native)
90 error  { Error: EACCES: permission denied, access '/home/mashpia/tzivos-hashem/node_modules'
90 error     at Error (native)
90 error   errno: -13,
90 error   code: 'EACCES',
90 error   syscall: 'access',
90 error   path: '/home/mashpia/tzivos-hashem/node_modules' }
91 error Please try running this command again as root/Administrator.
92 verbose exit [ -13, true ]
