// Jest Snapshot v1, https://goo.gl/fbAQLP

exports[`getMenu returns the expected array for BC's 1`] = `
Array [
  Object {
    "icon": <img
      alt="home"
      src="/images/icon_admin_home.png"
/>,
    "label": "Home",
    "path": "/",
  },
  Object {
    "icon": <img
      alt="base-managment"
      src="/images/icon_dashboard.png"
/>,
    "items": Array [
      Object {
        "items": Array [
          Object {
            "label": "View / Edit",
            "path": "/users",
          },
          Object {
            "label": "Registration",
            "path": "/users/registration",
          },
          Object {
            "label": "Rank Cards",
            "path": "/users/cards",
          },
          Object {
            "label": "Update Missions",
            "legacy": true,
            "path": "/add_missions.php",
          },
          Object {
            "label": "Update Medals",
            "legacy": true,
            "path": "/add_medals.php",
          },
        ],
        "label": "Soldiers",
      },
      Object {
        "label": "Plattons",
        "path": "/plattons",
      },
      Object {
        "label": "Parents",
        "path": "/parents",
      },
      Object {
        "label": "Staff",
        "path": "/staff",
      },
      Object {
        "items": Array [
          Object {
            "label": "View / Edit",
            "path": "/base",
          },
          Object {
            "label": "Settings",
            "path": "/base/settings",
          },
          Object {
            "label": "Transactions",
            "path": "/base/transactions",
          },
        ],
        "label": "Base",
      },
    ],
    "label": "Base Managment",
  },
  Object {
    "icon": <img
      alt="Missions"
      src="/images/icon_admin_medal.png"
/>,
    "items": Array [
      Object {
        "label": "Print Missions",
        "legacy": true,
        "path": "/print_missions2.php",
      },
      Object {
        "label": "Print Summer Missions",
        "legacy": true,
        "path": "/print_missions_summer.php",
      },
      Object {
        "label": "Mark Missions",
        "legacy": true,
        "path": "/mark_missions2.php",
      },
      Object {
        "label": "Mark Yahadus",
        "legacy": true,
        "path": "/sefer_hamitzvos.php",
      },
      Object {
        "label": "Personalize Your Missions",
        "legacy": true,
        "path": "/task_customization.php",
      },
      Object {
        "label": "Add Tasks",
        "legacy": true,
        "path": "/newTask.php",
      },
      Object {
        "label": "Teachers Mission Checklist",
        "legacy": true,
        "path": "/mission_sheets_checklist.php",
      },
      Object {
        "label": "Missions Accomplished Report",
        "legacy": true,
        "path": "/missions_report.php",
      },
    ],
    "label": "Missions",
  },
  Object {
    "icon": <img
      alt="Achievement Cards"
      src="/images/icon_auction.png"
/>,
    "items": Array [
      Object {
        "label": "Add Achievement Task",
        "legacy": true,
        "path": "/newAchievementTasks.php",
      },
      Object {
        "label": "Add / Subtract Points",
        "legacy": true,
        "path": "/manual_points.php",
      },
    ],
    "label": "Achievement Cards",
  },
  Object {
    "icon": <img
      alt="Chidon"
      src="/images/chidon.png"
/>,
    "items": Array [
      Object {
        "label": "Shabbaton Enrolled Report",
        "legacy": true,
        "path": "/reports/chidon/shabbaton_enrollment.php",
      },
      Object {
        "label": "Shabbaton Walking Report",
        "legacy": true,
        "path": "/reports/chidon/walking_groups.php",
      },
      Object {
        "label": "Enter Chidon Test Marks",
        "legacy": true,
        "path": "/chidon_tests.php",
      },
      Object {
        "label": "Enroll Chaperones",
        "legacy": true,
        "path": "/chidon_school_reg.php",
      },
      Object {
        "label": "Activate Enrollment",
        "legacy": true,
        "path": "/enrollment.php",
      },
      Object {
        "label": "Review Enrollment",
        "legacy": true,
        "path": "/review_enrollment.php",
      },
      Object {
        "label": "Print Enrollment Info",
        "legacy": true,
        "path": "/chidon_review.php",
      },
    ],
    "label": "Chidon",
  },
  Object {
    "icon": <img
      alt="Reports"
      src="/images/icon_report.png"
/>,
    "items": Array [
      Object {
        "label": "Office Reports",
        "legacy": true,
        "path": "/reports.php",
        "user_types": Array [
          "HQ",
        ],
      },
      Object {
        "label": "Registered Report",
        "legacy": true,
        "path": "/registered_report.php",
      },
      Object {
        "label": "Parents Report",
        "legacy": true,
        "path": "/parent_report.php",
      },
      Object {
        "label": "Not Yet Registered Report",
        "legacy": true,
        "path": "/non_registered_report.php",
      },
      Object {
        "label": "Barcodes Report",
        "legacy": true,
        "path": "/barcodes_report.php",
      },
      Object {
        "label": "Miles Report",
        "legacy": true,
        "path": "/miles.php",
      },
      Object {
        "label": "Auction Miles Report",
        "legacy": true,
        "path": "/auctionMiles.php",
      },
      Object {
        "label": "Missions Done Report",
        "legacy": true,
        "path": "/missions_report.php",
      },
      Object {
        "items": Array [
          Object {
            "label": "Total Stickers Earned",
            "legacy": true,
            "path": "/stickers_report.php",
          },
          Object {
            "label": "Total Stickers Earned By Date",
            "legacy": true,
            "path": "/stickers_report_by_week.php",
          },
          Object {
            "label": "Total Stickers Earned By Child",
            "legacy": true,
            "path": "/stickers_report_by_child.php",
          },
        ],
        "label": "Stickers",
      },
      Object {
        "items": Array [
          Object {
            "label": "Birthday Report",
            "legacy": true,
            "path": "/names_report.php",
          },
          Object {
            "label": "Birthdays By Date Range",
            "legacy": true,
            "path": "/find_birthdays_report.php",
          },
        ],
        "label": "Birthdays",
      },
      Object {
        "items": Array [
          Object {
            "label": "Rank Report",
            "legacy": true,
            "path": "/rank_report.php",
          },
          Object {
            "label": "Mark Ranks / Medals as Received",
            "legacy": true,
            "path": "/admin_received_stats.php",
          },
        ],
        "label": "Ranks / Medals",
      },
    ],
    "label": "Reports",
  },
  Object {
    "icon": <img
      alt="shipping-reports"
      src="/images/icon_report.png"
/>,
    "label": "Shipping Reports",
    "legacy": true,
    "path": "/reports/shipping",
  },
  Object {
    "icon": <img
      alt="Campaigns"
      src="/images/parentIcons/Campaigns.gif"
/>,
    "items": Array [
      Object {
        "items": Array [
          Object {
            "label": "Individual Marking",
            "legacy": true,
            "path": "/editSoldierLines2.php",
          },
          Object {
            "label": "Yud Aleph Nissan Reports",
            "legacy": true,
            "path": "/yud_alef_nissan_choose.php",
          },
        ],
        "label": "Tanya",
      },
      Object {
        "items": Array [
          Object {
            "label": "Mark Shabbos Mevorchim Tehillim",
            "legacy": true,
            "path": "/mark_tehillim2.php",
          },
          Object {
            "label": "Shabbos Mevorchim Report",
            "legacy": true,
            "path": "/choose_sm_report.php",
          },
          Object {
            "label": "Check Your Tehillim Quotas",
            "legacy": true,
            "path": "/tehillim_quotas.php",
          },
          Object {
            "label": "Change Tehillim Ladder/Quota",
            "legacy": true,
            "path": "/admin_users_track.php",
          },
          Object {
            "label": "Shabbos Mevorchim Tutorial Video",
            "legacy": false,
            "path": "https://vimeo.com/195384916",
          },
        ],
        "label": "Tehillim",
      },
    ],
    "label": "Campaigns",
  },
  Object {
    "icon": <img
      alt="Rally"
      src="/images/parentIcons/Rally.gif"
/>,
    "items": Array [
      Object {
        "label": "Promotion Picture Report",
        "legacy": true,
        "path": "/promotion_report.php",
      },
      Object {
        "label": "Teacher's Medal Ceremony Report",
        "legacy": true,
        "path": "/medal_rank_ceremony3.php",
      },
      Object {
        "label": "Raffle Winners",
        "legacy": true,
        "path": "/raffles/shared/forms/winners_form.php",
      },
    ],
    "label": "Rally",
  },
  Object {
    "icon": <img
      alt="Raffles"
      src="/images/icon_auction.png"
/>,
    "label": "Raffles",
    "legacy": true,
    "path": "/raffles/",
  },
  Object {
    "icon": <img
      alt="Yearly Prize"
      src="/images/icon_auction.png"
/>,
    "label": "Yearly Prize",
    "legacy": true,
    "path": "/yearly_prize/reports/",
  },
  Object {
    "icon": <img
      alt="Setup Guide"
      src="/images/icon_wizard.png"
/>,
    "label": "Setup Guide",
    "legacy": true,
    "path": "/admin_setup_guide.php",
  },
  Object {
    "icon": <img
      alt="Miliage Program"
      src="/images/icon_auction.png"
/>,
    "label": "Mileage Program",
  },
  Object {
    "icon": <img
      alt="Support"
      src="/images/parentIcons/support icon.gif"
/>,
    "label": "Support",
    "legacy": true,
    "path": "/helpdesk/?p=open",
  },
  Object {
    "icon": <img
      alt="Logout"
      src="/images/parentIcons/logout.gif"
/>,
    "label": "Logout",
    "path": "/logout",
  },
]
`;

exports[`getMenu returns the expected array for HQ 1`] = `
Array [
  Object {
    "icon": <img
      alt="home"
      src="/images/icon_admin_home.png"
/>,
    "label": "Home",
    "path": "/",
  },
  Object {
    "icon": <img
      alt="base-managment"
      src="/images/icon_dashboard.png"
/>,
    "items": Array [
      Object {
        "items": Array [
          Object {
            "label": "View / Edit",
            "path": "/users",
          },
          Object {
            "label": "Registration",
            "path": "/users/registration",
          },
          Object {
            "label": "Rank Cards",
            "path": "/users/cards",
          },
          Object {
            "label": "Update Missions",
            "legacy": true,
            "path": "/add_missions.php",
          },
          Object {
            "label": "Update Medals",
            "legacy": true,
            "path": "/add_medals.php",
          },
        ],
        "label": "Soldiers",
      },
      Object {
        "label": "Plattons",
        "path": "/plattons",
      },
      Object {
        "label": "Parents",
        "path": "/parents",
      },
      Object {
        "label": "Staff",
        "path": "/staff",
      },
      Object {
        "items": Array [
          Object {
            "label": "View / Edit",
            "path": "/base",
          },
          Object {
            "label": "Settings",
            "path": "/base/settings",
          },
          Object {
            "label": "Transactions",
            "path": "/base/transactions",
          },
        ],
        "label": "Base",
      },
    ],
    "label": "Base Managment",
  },
  Object {
    "icon": <img
      alt="Missions"
      src="/images/icon_admin_medal.png"
/>,
    "items": Array [
      Object {
        "label": "Print Missions",
        "legacy": true,
        "path": "/print_missions2.php",
      },
      Object {
        "label": "Print Summer Missions",
        "legacy": true,
        "path": "/print_missions_summer.php",
      },
      Object {
        "label": "Mark Missions",
        "legacy": true,
        "path": "/mark_missions2.php",
      },
      Object {
        "label": "Mark Yahadus",
        "legacy": true,
        "path": "/sefer_hamitzvos.php",
      },
      Object {
        "label": "Personalize Your Missions",
        "legacy": true,
        "path": "/task_customization.php",
      },
      Object {
        "label": "Add Tasks",
        "legacy": true,
        "path": "/newTask.php",
      },
      Object {
        "label": "Teachers Mission Checklist",
        "legacy": true,
        "path": "/mission_sheets_checklist.php",
      },
      Object {
        "label": "Missions Accomplished Report",
        "legacy": true,
        "path": "/missions_report.php",
      },
    ],
    "label": "Missions",
  },
  Object {
    "icon": <img
      alt="Achievement Cards"
      src="/images/icon_auction.png"
/>,
    "items": Array [
      Object {
        "label": "Add Achievement Task",
        "legacy": true,
        "path": "/newAchievementTasks.php",
      },
      Object {
        "label": "Add / Subtract Points",
        "legacy": true,
        "path": "/manual_points.php",
      },
    ],
    "label": "Achievement Cards",
  },
  Object {
    "icon": <img
      alt="Chidon"
      src="/images/chidon.png"
/>,
    "items": Array [
      Object {
        "label": "Shabbaton Enrolled Report",
        "legacy": true,
        "path": "/reports/chidon/shabbaton_enrollment.php",
      },
      Object {
        "label": "Shabbaton Walking Report",
        "legacy": true,
        "path": "/reports/chidon/walking_groups.php",
      },
      Object {
        "label": "Enter Chidon Test Marks",
        "legacy": true,
        "path": "/chidon_tests.php",
      },
      Object {
        "label": "Enroll Chaperones",
        "legacy": true,
        "path": "/chidon_school_reg.php",
      },
      Object {
        "label": "Activate Enrollment",
        "legacy": true,
        "path": "/enrollment.php",
      },
      Object {
        "label": "Review Enrollment",
        "legacy": true,
        "path": "/review_enrollment.php",
      },
      Object {
        "label": "Print Enrollment Info",
        "legacy": true,
        "path": "/chidon_review.php",
      },
    ],
    "label": "Chidon",
  },
  Object {
    "icon": <img
      alt="Reports"
      src="/images/icon_report.png"
/>,
    "items": Array [
      Object {
        "label": "Office Reports",
        "legacy": true,
        "path": "/reports.php",
        "user_types": Array [
          "HQ",
        ],
      },
      Object {
        "label": "Registered Report",
        "legacy": true,
        "path": "/registered_report.php",
      },
      Object {
        "label": "Parents Report",
        "legacy": true,
        "path": "/parent_report.php",
      },
      Object {
        "label": "Not Yet Registered Report",
        "legacy": true,
        "path": "/non_registered_report.php",
      },
      Object {
        "label": "Barcodes Report",
        "legacy": true,
        "path": "/barcodes_report.php",
      },
      Object {
        "label": "Miles Report",
        "legacy": true,
        "path": "/miles.php",
      },
      Object {
        "label": "Auction Miles Report",
        "legacy": true,
        "path": "/auctionMiles.php",
      },
      Object {
        "label": "Missions Done Report",
        "legacy": true,
        "path": "/missions_report.php",
      },
      Object {
        "items": Array [
          Object {
            "label": "Total Stickers Earned",
            "legacy": true,
            "path": "/stickers_report.php",
          },
          Object {
            "label": "Total Stickers Earned By Date",
            "legacy": true,
            "path": "/stickers_report_by_week.php",
          },
          Object {
            "label": "Total Stickers Earned By Child",
            "legacy": true,
            "path": "/stickers_report_by_child.php",
          },
        ],
        "label": "Stickers",
      },
      Object {
        "items": Array [
          Object {
            "label": "Birthday Report",
            "legacy": true,
            "path": "/names_report.php",
          },
          Object {
            "label": "Birthdays By Date Range",
            "legacy": true,
            "path": "/find_birthdays_report.php",
          },
        ],
        "label": "Birthdays",
      },
      Object {
        "items": Array [
          Object {
            "label": "Rank Report",
            "legacy": true,
            "path": "/rank_report.php",
          },
          Object {
            "label": "Mark Ranks / Medals as Received",
            "legacy": true,
            "path": "/admin_received_stats.php",
          },
        ],
        "label": "Ranks / Medals",
      },
    ],
    "label": "Reports",
  },
  Object {
    "icon": <img
      alt="shipping-reports"
      src="/images/icon_report.png"
/>,
    "label": "Shipping Reports",
    "legacy": true,
    "path": "/reports/shipping",
  },
  Object {
    "icon": <img
      alt="Campaigns"
      src="/images/parentIcons/Campaigns.gif"
/>,
    "items": Array [
      Object {
        "items": Array [
          Object {
            "label": "Individual Marking",
            "legacy": true,
            "path": "/editSoldierLines2.php",
          },
          Object {
            "label": "Yud Aleph Nissan Reports",
            "legacy": true,
            "path": "/yud_alef_nissan_choose.php",
          },
        ],
        "label": "Tanya",
      },
      Object {
        "items": Array [
          Object {
            "label": "Mark Shabbos Mevorchim Tehillim",
            "legacy": true,
            "path": "/mark_tehillim2.php",
          },
          Object {
            "label": "Shabbos Mevorchim Report",
            "legacy": true,
            "path": "/choose_sm_report.php",
          },
          Object {
            "label": "Check Your Tehillim Quotas",
            "legacy": true,
            "path": "/tehillim_quotas.php",
          },
          Object {
            "label": "Change Tehillim Ladder/Quota",
            "legacy": true,
            "path": "/admin_users_track.php",
          },
          Object {
            "label": "Shabbos Mevorchim Tutorial Video",
            "legacy": false,
            "path": "https://vimeo.com/195384916",
          },
        ],
        "label": "Tehillim",
      },
    ],
    "label": "Campaigns",
  },
  Object {
    "icon": <img
      alt="Rally"
      src="/images/parentIcons/Rally.gif"
/>,
    "items": Array [
      Object {
        "label": "Promotion Picture Report",
        "legacy": true,
        "path": "/promotion_report.php",
      },
      Object {
        "label": "Teacher's Medal Ceremony Report",
        "legacy": true,
        "path": "/medal_rank_ceremony3.php",
      },
      Object {
        "label": "Raffle Winners",
        "legacy": true,
        "path": "/raffles/shared/forms/winners_form.php",
      },
    ],
    "label": "Rally",
  },
  Object {
    "icon": <img
      alt="Raffles"
      src="/images/icon_auction.png"
/>,
    "label": "Raffles",
    "legacy": true,
    "path": "/raffles/",
  },
  Object {
    "icon": <img
      alt="Yearly Prize"
      src="/images/icon_auction.png"
/>,
    "label": "Yearly Prize",
    "legacy": true,
    "path": "/yearly_prize/reports/",
  },
  Object {
    "icon": <img
      alt="Setup Guide"
      src="/images/icon_wizard.png"
/>,
    "label": "Setup Guide",
    "legacy": true,
    "path": "/admin_setup_guide.php",
  },
  Object {
    "icon": <img
      alt="Miliage Program"
      src="/images/icon_auction.png"
/>,
    "label": "Mileage Program",
  },
  Object {
    "icon": <img
      alt="Support"
      src="/images/parentIcons/support icon.gif"
/>,
    "label": "Support",
    "legacy": true,
    "path": "/helpdesk/?p=open",
  },
  Object {
    "icon": <img
      alt="Logout"
      src="/images/parentIcons/logout.gif"
/>,
    "label": "Logout",
    "path": "/logout",
  },
]
`;
