// Jest Snapshot v1, https://goo.gl/fbAQLP

exports[`types matches snapshot 1`] = `
Object {
  "CHANGE_LOGIN": "login/change_login",
  "LOGOUT": "login/logout",
  "SET_ERRORS": "login/set_errors",
  "SET_LOADING": "login/set_loading",
  "SET_TITLE": "login/set_title",
  "SET_TOKENS": "login/set_tokens",
  "SET_USER": "login/set_user",
  "UPDATE_USER": "login/update_user",
}
`;
